[2026-04-13T08:07:06.058Z] [INFO] Created new database
[2026-04-13T08:07:06.065Z] [INFO] Core database schema applied
[2026-04-13T08:07:06.068Z] [WARN] FTS5 not available, using LIKE fallback: no such module: fts5
[2026-04-13T08:07:06.071Z] [DEBUG] Database saved to disk
[2026-04-13T09:02:39.152Z] [INFO] Loaded existing database from C:\P2Claw\data\p2claw.db
[2026-04-13T09:02:39.154Z] [INFO] Core database schema applied
[2026-04-13T09:02:39.159Z] [WARN] FTS5 not available, using LIKE fallback: no such module: fts5
[2026-04-13T09:02:39.163Z] [DEBUG] Database saved to disk
[2026-04-13T09:14:44.810Z] [INFO] Loaded existing database from C:\P2Claw\data\p2claw.db
[2026-04-13T09:14:44.814Z] [INFO] Core database schema applied
[2026-04-13T09:14:44.817Z] [WARN] FTS5 not available, using LIKE fallback: no such module: fts5
[2026-04-13T09:14:44.820Z] [DEBUG] Database saved to disk
[2026-04-13T09:15:39.310Z] [INFO] Loaded existing database from C:\P2Claw\data\p2claw.db
[2026-04-13T09:15:39.312Z] [INFO] Core database schema applied
[2026-04-13T09:15:39.316Z] [WARN] FTS5 not available, using LIKE fallback: no such module: fts5
[2026-04-13T09:15:39.318Z] [DEBUG] Database saved to disk
[2026-04-13T09:16:46.547Z] [DEBUG] Database saved to disk
[2026-04-13T09:34:02.532Z] [INFO] Loaded existing database from C:\P2Claw\data\p2claw.db
[2026-04-13T09:34:02.534Z] [INFO] Core database schema applied
[2026-04-13T09:34:02.538Z] [WARN] FTS5 not available, using LIKE fallback: no such module: fts5
[2026-04-13T09:34:02.542Z] [DEBUG] Database saved to disk
[2026-04-13T09:34:36.095Z] [DEBUG] Database saved to disk
[2026-04-13T09:36:13.700Z] [INFO] Tool call [1/10]: remember({"category":"preferences","content":"User likes IBC Root Beer."})
[2026-04-13T09:36:13.947Z] [ERROR] Agent error (text): 400 status code (no body)
[2026-04-13T09:36:14.711Z] [DEBUG] Database saved to disk
[2026-04-13T09:37:27.534Z] [INFO] Tool call [1/10]: recall({"query":"IBC Root Beer"})
[2026-04-13T09:45:27.772Z] [INFO] Loaded existing database from C:\P2Claw\data\p2claw.db
[2026-04-13T09:45:27.774Z] [INFO] Core database schema applied
[2026-04-13T09:45:27.777Z] [WARN] FTS5 not available, using LIKE fallback: no such module: fts5
[2026-04-13T09:45:27.780Z] [DEBUG] Database saved to disk
[2026-04-13T09:47:24.807Z] [INFO] Loaded existing database from C:\P2Claw\data\p2claw.db
[2026-04-13T09:47:24.809Z] [INFO] Core database schema applied
[2026-04-13T09:47:24.812Z] [WARN] FTS5 not available, using LIKE fallback: no such module: fts5
[2026-04-13T09:47:24.814Z] [DEBUG] Database saved to disk
[2026-04-13T09:49:22.493Z] [INFO] Tool call [1/10]: remember({"category":"preferences","content":"User hates it when food is smothered in black pepper."})
[2026-04-13T09:49:22.746Z] [ERROR] Agent error (text): 400 status code (no body)
[2026-04-13T09:49:23.503Z] [DEBUG] Database saved to disk
[2026-04-13T09:52:52.600Z] [INFO] Loaded existing database from C:\P2Claw\data\p2claw.db
[2026-04-13T09:52:52.601Z] [INFO] Core database schema applied
[2026-04-13T09:52:52.605Z] [WARN] FTS5 not available, using LIKE fallback: no such module: fts5
[2026-04-13T09:52:52.608Z] [DEBUG] Database saved to disk
[2026-04-13T09:53:44.410Z] [INFO] Tool call [1/10]: remember({"category":"preferences","content":"Yu-Gi-Oh! is the user's favorite TCG."})
[2026-04-13T09:53:44.675Z] [ERROR] Agent error (text): 400 status code (no body)
[2026-04-13T09:53:45.426Z] [DEBUG] Database saved to disk
[2026-04-13T10:26:52.150Z] [INFO] Loaded existing database from C:\P2Claw\data\p2claw.db
[2026-04-13T10:26:52.152Z] [INFO] Core database schema applied
[2026-04-13T10:26:52.155Z] [WARN] FTS5 not available, using LIKE fallback: no such module: fts5
[2026-04-13T10:26:52.157Z] [DEBUG] Database saved to disk
[2026-04-13T10:27:44.588Z] [INFO] Tool call [1/10]: remember({"category":"facts","content":"The user has hand tremors."})
[2026-04-13T10:27:45.595Z] [DEBUG] Database saved to disk
[2026-04-13T10:47:37.189Z] [INFO] Loaded existing database from C:\P2Claw\data\p2claw.db
[2026-04-13T10:47:37.191Z] [INFO] Core database schema applied
[2026-04-13T10:47:37.194Z] [WARN] FTS5 not available, using LIKE fallback: no such module: fts5
[2026-04-13T10:47:37.197Z] [DEBUG] Database saved to disk
[2026-04-13T10:49:10.705Z] [INFO] Loaded existing database from C:\P2Claw\data\p2claw.db
[2026-04-13T10:49:10.708Z] [INFO] Core database schema applied
[2026-04-13T10:49:10.711Z] [WARN] FTS5 not available, using LIKE fallback: no such module: fts5
[2026-04-13T10:49:10.713Z] [DEBUG] Database saved to disk
[2026-04-13T22:54:05.776Z] [INFO] Loaded existing database from C:\P2Claw\data\p2claw.db
[2026-04-13T22:54:05.778Z] [INFO] Core database schema applied
[2026-04-13T22:54:05.781Z] [WARN] FTS5 not available, using LIKE fallback: no such module: fts5
[2026-04-13T22:54:05.783Z] [DEBUG] Database saved to disk
[2026-04-13T23:05:32.269Z] [DEBUG] Database saved to disk
[2026-04-13T23:58:24.732Z] [DEBUG] Database saved to disk
[2026-04-13T23:59:15.515Z] [DEBUG] Database saved to disk
[2026-04-14T00:02:06.824Z] [DEBUG] Database saved to disk
